----------------
IN: 
0x00000000:  580000c0  ldr      x0, #0x18
0x00000004:  aa1f03e1  mov      x1, xzr
0x00000008:  aa1f03e2  mov      x2, xzr
0x0000000c:  aa1f03e3  mov      x3, xzr
0x00000010:  58000084  ldr      x4, #0x20
0x00000014:  d61f0080  br       x4

----------------
IN: 
0x00080000:  58000140  ldr      x0, #0x80028
0x00080004:  9100001f  mov      sp, x0
0x00080008:  aa1f03fd  mov      x29, xzr
0x0008000c:  58000121  ldr      x1, #0x80030
0x00080010:  58000142  ldr      x2, #0x80038
0x00080014:  eb02003f  cmp      x1, x2
0x00080018:  54000062  b.hs     #0x80024

----------------
IN: 
0x00000300:  d2801b05  mov      x5, #0xd8
0x00000304:  d53800a6  mrs      x6, mpidr_el1
0x00000308:  924004c6  and      x6, x6, #3
0x0000030c:  d503205f  wfe      
0x00000310:  f86678a4  ldr      x4, [x5, x6, lsl #3]
0x00000314:  b4ffffc4  cbz      x4, #0x30c

----------------
IN: 
0x00080024:  94000027  bl       #0x800c0

----------------
IN: 
0x00000300:  d2801b05  mov      x5, #0xd8
0x00000304:  d53800a6  mrs      x6, mpidr_el1
0x00000308:  924004c6  and      x6, x6, #3
0x0000030c:  d503205f  wfe      
0x00000310:  f86678a4  ldr      x4, [x5, x6, lsl #3]
0x00000314:  b4ffffc4  cbz      x4, #0x30c

----------------
IN: 
0x000800c0:  a9bf7bfd  stp      x29, x30, [sp, #-0x10]!
0x000800c4:  910003fd  mov      x29, sp
0x000800c8:  90000000  adrp     x0, #0x80000
0x000800cc:  91058000  add      x0, x0, #0x160
0x000800d0:  94000004  bl       #0x800e0

----------------
IN: 
0x00000300:  d2801b05  mov      x5, #0xd8
0x00000304:  d53800a6  mrs      x6, mpidr_el1
0x00000308:  924004c6  and      x6, x6, #3
0x0000030c:  d503205f  wfe      
0x00000310:  f86678a4  ldr      x4, [x5, x6, lsl #3]
0x00000314:  b4ffffc4  cbz      x4, #0x30c

----------------
IN: 
0x000800e0:  d10083ff  sub      sp, sp, #0x20
0x000800e4:  f90007e0  str      x0, [sp, #8]
0x000800e8:  b9001fff  str      wzr, [sp, #0x1c]
0x000800ec:  14000012  b        #0x80134

----------------
IN: 
0x00080134:  b9801fe0  ldrsw    x0, [sp, #0x1c]
0x00080138:  f94007e1  ldr      x1, [sp, #8]
0x0008013c:  8b000020  add      x0, x1, x0
0x00080140:  39400000  ldrb     w0, [x0]
0x00080144:  7100001f  cmp      w0, #0
0x00080148:  54fffd41  b.ne     #0x800f0

----------------
IN: 
0x000800f0:  d503201f  nop      
0x000800f4:  d2820300  mov      x0, #0x1018
0x000800f8:  f2a7e400  movk     x0, #0x3f20, lsl #16
0x000800fc:  b9400000  ldr      w0, [x0]
0x00080100:  121b0000  and      w0, w0, #0x20
0x00080104:  7100001f  cmp      w0, #0
0x00080108:  54ffff61  b.ne     #0x800f4

----------------
IN: 
0x000800fc:  b9400000  ldr      w0, [x0]

----------------
IN: 
0x00080100:  121b0000  and      w0, w0, #0x20
0x00080104:  7100001f  cmp      w0, #0
0x00080108:  54ffff61  b.ne     #0x800f4

----------------
IN: 
0x0000030c:  d503205f  wfe      
0x00000310:  f86678a4  ldr      x4, [x5, x6, lsl #3]
0x00000314:  b4ffffc4  cbz      x4, #0x30c

----------------
IN: 
0x0008010c:  b9801fe0  ldrsw    x0, [sp, #0x1c]
0x00080110:  f94007e1  ldr      x1, [sp, #8]
0x00080114:  8b000020  add      x0, x1, x0
0x00080118:  39400001  ldrb     w1, [x0]
0x0008011c:  d2820000  mov      x0, #0x1000
0x00080120:  f2a7e400  movk     x0, #0x3f20, lsl #16
0x00080124:  b9000001  str      w1, [x0]
0x00080128:  b9401fe0  ldr      w0, [sp, #0x1c]
0x0008012c:  11000400  add      w0, w0, #1
0x00080130:  b9001fe0  str      w0, [sp, #0x1c]
0x00080134:  b9801fe0  ldrsw    x0, [sp, #0x1c]
0x00080138:  f94007e1  ldr      x1, [sp, #8]
0x0008013c:  8b000020  add      x0, x1, x0
0x00080140:  39400000  ldrb     w0, [x0]
0x00080144:  7100001f  cmp      w0, #0
0x00080148:  54fffd41  b.ne     #0x800f0

----------------
IN: 
0x0000030c:  d503205f  wfe      
0x00000310:  f86678a4  ldr      x4, [x5, x6, lsl #3]
0x00000314:  b4ffffc4  cbz      x4, #0x30c

----------------
IN: 
0x00080124:  b9000001  str      w1, [x0]

----------------
IN: 
0x0000030c:  d503205f  wfe      
0x00000310:  f86678a4  ldr      x4, [x5, x6, lsl #3]
0x00000314:  b4ffffc4  cbz      x4, #0x30c

----------------
IN: 
0x00080128:  b9401fe0  ldr      w0, [sp, #0x1c]
0x0008012c:  11000400  add      w0, w0, #1
0x00080130:  b9001fe0  str      w0, [sp, #0x1c]
0x00080134:  b9801fe0  ldrsw    x0, [sp, #0x1c]
0x00080138:  f94007e1  ldr      x1, [sp, #8]
0x0008013c:  8b000020  add      x0, x1, x0
0x00080140:  39400000  ldrb     w0, [x0]
0x00080144:  7100001f  cmp      w0, #0
0x00080148:  54fffd41  b.ne     #0x800f0

----------------
IN: 
0x0008014c:  d503201f  nop      
0x00080150:  d503201f  nop      
0x00080154:  910083ff  add      sp, sp, #0x20
0x00080158:  d65f03c0  ret      

----------------
IN: 
0x000800d4:  d2800280  mov      x0, #0x14
0x000800d8:  97ffffda  bl       #0x80040

----------------
IN: 
0x00080040:  d10083ff  sub      sp, sp, #0x20
0x00080044:  f90007e0  str      x0, [sp, #8]
0x00080048:  f94007e0  ldr      x0, [sp, #8]
0x0008004c:  91003c00  add      x0, x0, #0xf
0x00080050:  927cec00  and      x0, x0, #0xfffffffffffffff0
0x00080054:  f90007e0  str      x0, [sp, #8]
0x00080058:  90000000  adrp     x0, #0x80000
0x0008005c:  91064000  add      x0, x0, #0x190
0x00080060:  f9400001  ldr      x1, [x0]
0x00080064:  f94007e0  ldr      x0, [sp, #8]
0x00080068:  8b000021  add      x1, x1, x0
0x0008006c:  d0000800  adrp     x0, #0x182000
0x00080070:  91000000  add      x0, x0, #0
0x00080074:  eb00003f  cmp      x1, x0
0x00080078:  54000069  b.ls     #0x80084

----------------
IN: 
0x00080084:  90000000  adrp     x0, #0x80000
0x00080088:  91064000  add      x0, x0, #0x190
0x0008008c:  f9400000  ldr      x0, [x0]
0x00080090:  f9000fe0  str      x0, [sp, #0x18]
0x00080094:  90000000  adrp     x0, #0x80000
0x00080098:  91064000  add      x0, x0, #0x190
0x0008009c:  f9400001  ldr      x1, [x0]
0x000800a0:  f94007e0  ldr      x0, [sp, #8]
0x000800a4:  8b000021  add      x1, x1, x0
0x000800a8:  90000000  adrp     x0, #0x80000
0x000800ac:  91064000  add      x0, x0, #0x190
0x000800b0:  f9000001  str      x1, [x0]
0x000800b4:  f9400fe0  ldr      x0, [sp, #0x18]
0x000800b8:  910083ff  add      sp, sp, #0x20
0x000800bc:  d65f03c0  ret      

----------------
IN: 
0x000800dc:  14000000  b        #0x800dc

